Archive member included to satisfy reference by file (symbol)

/usr/lib/gcc/arm-none-eabi/6.3.1/libgcc.a(_udivsi3.o)
                              build/stdio.o (__aeabi_uidiv)
/usr/lib/gcc/arm-none-eabi/6.3.1/libgcc.a(_dvmd_tls.o)
                              /usr/lib/gcc/arm-none-eabi/6.3.1/libgcc.a(_udivsi3.o) (__aeabi_idiv0)

Memory Configuration

Name             Origin             Length             Attributes
*default*        0x0000000000000000 0xffffffffffffffff

Linker script and memory map

LOAD build/Entry.os
LOAD build/Main.o
LOAD build/Handler.o
LOAD build/Regs.o
LOAD build/Interrupt.o
LOAD build/Uart.o
LOAD build/Timer.o
LOAD build/stdlib.o
LOAD build/stdio.o
LOAD build/armcpu.o
LOAD /usr/lib/gcc/arm-none-eabi/6.3.1/libgcc.a
                0x0000000000000000                . = 0x0

.text           0x0000000000000000      0xf1c
 *(vector_start)
 *(.text .rodate)
 .text          0x0000000000000000       0xd4 build/Entry.os
                0x0000000000000000                vector_start
                0x000000000000003c                vector_end
 .text          0x00000000000000d4      0x164 build/Main.o
                0x00000000000000d4                main
 .text          0x0000000000000238       0x24 build/Handler.o
                0x0000000000000238                Irq_Handler
                0x0000000000000254                Fiq_Handler
 .text          0x000000000000025c        0x0 build/Regs.o
 .text          0x000000000000025c      0x2ec build/Interrupt.o
                0x000000000000025c                Hal_interrupt_init
                0x00000000000002f8                Hal_interrupt_enable
                0x00000000000003bc                Hal_interrupt_disable
                0x0000000000000488                Hal_interrupt_register_handler
                0x00000000000004c0                Hal_interrupt_run_handler
 .text          0x0000000000000548      0x15c build/Uart.o
                0x0000000000000548                Hal_uart_init
                0x00000000000005c0                Hal_uart_put_char
                0x000000000000061c                Hal_uart_get_char
 .text          0x00000000000006a4      0x210 build/Timer.o
                0x00000000000006a4                Hal_timer_init
                0x0000000000000848                Hal_timer_get_1ms_counter
 .text          0x00000000000008b4       0x48 build/stdlib.o
                0x00000000000008b4                delay
 .text          0x00000000000008fc      0x458 build/stdio.o
                0x00000000000008fc                putstr
                0x000000000000095c                debug_printf
                0x00000000000009ac                vsprintf
                0x0000000000000c30                utoa
 .text          0x0000000000000d54       0xb0 build/armcpu.o
                0x0000000000000d54                enable_irq
                0x0000000000000d80                enable_fiq
                0x0000000000000dac                disable_irq
                0x0000000000000dd8                disable_fiq
 .text          0x0000000000000e04      0x114 /usr/lib/gcc/arm-none-eabi/6.3.1/libgcc.a(_udivsi3.o)
                0x0000000000000e04                __udivsi3
                0x0000000000000e04                __aeabi_uidiv
                0x0000000000000ef8                __aeabi_uidivmod
 .text          0x0000000000000f18        0x4 /usr/lib/gcc/arm-none-eabi/6.3.1/libgcc.a(_dvmd_tls.o)
                0x0000000000000f18                __aeabi_ldiv0
                0x0000000000000f18                __aeabi_idiv0

.rodata         0x0000000000000f1c       0xc7
 .rodata        0x0000000000000f1c       0xc0 build/Main.o
 .rodata        0x0000000000000fdc        0x7 build/stdio.o

.glue_7         0x0000000000000fe4        0x0
 .glue_7        0x0000000000000fe4        0x0 linker stubs

.glue_7t        0x0000000000000fe4        0x0
 .glue_7t       0x0000000000000fe4        0x0 linker stubs

.vfp11_veneer   0x0000000000000fe4        0x0
 .vfp11_veneer  0x0000000000000fe4        0x0 linker stubs

.v4_bx          0x0000000000000fe4        0x0
 .v4_bx         0x0000000000000fe4        0x0 linker stubs

.iplt           0x0000000000000fe4        0x0
 .iplt          0x0000000000000fe4        0x0 build/Entry.os

.rel.dyn        0x0000000000000fe4        0x0
 .rel.iplt      0x0000000000000fe4        0x0 build/Entry.os

.data           0x0000000000000fe4       0x10
 *(.data)
 .data          0x0000000000000fe4        0x0 build/Entry.os
 .data          0x0000000000000fe4        0x0 build/Main.o
 .data          0x0000000000000fe4        0x0 build/Handler.o
 .data          0x0000000000000fe4       0x10 build/Regs.o
                0x0000000000000fe4                Uart
                0x0000000000000fe8                GicCpu
                0x0000000000000fec                GicDist
                0x0000000000000ff0                Timer
 .data          0x0000000000000ff4        0x0 build/Interrupt.o
 .data          0x0000000000000ff4        0x0 build/Uart.o
 .data          0x0000000000000ff4        0x0 build/Timer.o
 .data          0x0000000000000ff4        0x0 build/stdlib.o
 .data          0x0000000000000ff4        0x0 build/stdio.o
 .data          0x0000000000000ff4        0x0 build/armcpu.o
 .data          0x0000000000000ff4        0x0 /usr/lib/gcc/arm-none-eabi/6.3.1/libgcc.a(_udivsi3.o)
 .data          0x0000000000000ff4        0x0 /usr/lib/gcc/arm-none-eabi/6.3.1/libgcc.a(_dvmd_tls.o)

.igot.plt       0x0000000000000ff4        0x0
 .igot.plt      0x0000000000000ff4        0x0 build/Entry.os

.bss            0x0000000000000ff4      0x800
 *(.bss)
 .bss           0x0000000000000ff4        0x0 build/Entry.os
 .bss           0x0000000000000ff4        0x0 build/Main.o
 .bss           0x0000000000000ff4        0x0 build/Handler.o
 .bss           0x0000000000000ff4        0x0 build/Regs.o
 .bss           0x0000000000000ff4      0x3fc build/Interrupt.o
 .bss           0x00000000000013f0        0x0 build/Uart.o
 .bss           0x00000000000013f0        0x4 build/Timer.o
 .bss           0x00000000000013f4        0x0 build/stdlib.o
 .bss           0x00000000000013f4      0x400 build/stdio.o
 .bss           0x00000000000017f4        0x0 build/armcpu.o
 .bss           0x00000000000017f4        0x0 /usr/lib/gcc/arm-none-eabi/6.3.1/libgcc.a(_udivsi3.o)
 .bss           0x00000000000017f4        0x0 /usr/lib/gcc/arm-none-eabi/6.3.1/libgcc.a(_dvmd_tls.o)
OUTPUT(build/navilos.axf elf32-littlearm)

.ARM.attributes
                0x0000000000000000       0x33
 .ARM.attributes
                0x0000000000000000       0x25 build/Entry.os
 .ARM.attributes
                0x0000000000000025       0x37 build/Main.o
 .ARM.attributes
                0x000000000000005c       0x37 build/Handler.o
 .ARM.attributes
                0x0000000000000093       0x37 build/Regs.o
 .ARM.attributes
                0x00000000000000ca       0x37 build/Interrupt.o
 .ARM.attributes
                0x0000000000000101       0x37 build/Uart.o
 .ARM.attributes
                0x0000000000000138       0x37 build/Timer.o
 .ARM.attributes
                0x000000000000016f       0x37 build/stdlib.o
 .ARM.attributes
                0x00000000000001a6       0x37 build/stdio.o
 .ARM.attributes
                0x00000000000001dd       0x37 build/armcpu.o
 .ARM.attributes
                0x0000000000000214       0x18 /usr/lib/gcc/arm-none-eabi/6.3.1/libgcc.a(_udivsi3.o)
 .ARM.attributes
                0x000000000000022c       0x18 /usr/lib/gcc/arm-none-eabi/6.3.1/libgcc.a(_dvmd_tls.o)

.comment        0x0000000000000000       0x31
 .comment       0x0000000000000000       0x31 build/Main.o
                                         0x32 (size before relaxing)
 .comment       0x0000000000000031       0x32 build/Handler.o
 .comment       0x0000000000000031       0x32 build/Regs.o
 .comment       0x0000000000000031       0x32 build/Interrupt.o
 .comment       0x0000000000000031       0x32 build/Uart.o
 .comment       0x0000000000000031       0x32 build/Timer.o
 .comment       0x0000000000000031       0x32 build/stdlib.o
 .comment       0x0000000000000031       0x32 build/stdio.o
 .comment       0x0000000000000031       0x32 build/armcpu.o

.debug_line     0x0000000000000000      0x5a3
 .debug_line    0x0000000000000000       0x6d build/Entry.os
 .debug_line    0x000000000000006d       0x7f build/Main.o
 .debug_line    0x00000000000000ec       0x44 build/Handler.o
 .debug_line    0x0000000000000130       0x68 build/Regs.o
 .debug_line    0x0000000000000198       0xca build/Interrupt.o
 .debug_line    0x0000000000000262       0x7c build/Uart.o
 .debug_line    0x00000000000002de       0x7a build/Timer.o
 .debug_line    0x0000000000000358       0x5a build/stdlib.o
 .debug_line    0x00000000000003b2       0xc7 build/stdio.o
 .debug_line    0x0000000000000479       0x57 build/armcpu.o
 .debug_line    0x00000000000004d0       0x78 /usr/lib/gcc/arm-none-eabi/6.3.1/libgcc.a(_udivsi3.o)
 .debug_line    0x0000000000000548       0x5b /usr/lib/gcc/arm-none-eabi/6.3.1/libgcc.a(_dvmd_tls.o)

.debug_info     0x0000000000000000     0x2b8f
 .debug_info    0x0000000000000000       0x4a build/Entry.os
 .debug_info    0x000000000000004a      0x108 build/Main.o
 .debug_info    0x0000000000000152       0x80 build/Handler.o
 .debug_info    0x00000000000001d2     0x1111 build/Regs.o
 .debug_info    0x00000000000012e3      0x62c build/Interrupt.o
 .debug_info    0x000000000000190f      0xae6 build/Uart.o
 .debug_info    0x00000000000023f5      0x29b build/Timer.o
 .debug_info    0x0000000000002690       0x96 build/stdlib.o
 .debug_info    0x0000000000002726      0x2a3 build/stdio.o
 .debug_info    0x00000000000029c9       0x6a build/armcpu.o
 .debug_info    0x0000000000002a33       0xae /usr/lib/gcc/arm-none-eabi/6.3.1/libgcc.a(_udivsi3.o)
 .debug_info    0x0000000000002ae1       0xae /usr/lib/gcc/arm-none-eabi/6.3.1/libgcc.a(_dvmd_tls.o)

.debug_abbrev   0x0000000000000000      0x7da
 .debug_abbrev  0x0000000000000000       0x14 build/Entry.os
 .debug_abbrev  0x0000000000000014       0xa4 build/Main.o
 .debug_abbrev  0x00000000000000b8       0x5a build/Handler.o
 .debug_abbrev  0x0000000000000112      0x102 build/Regs.o
 .debug_abbrev  0x0000000000000214      0x17a build/Interrupt.o
 .debug_abbrev  0x000000000000038e      0x154 build/Uart.o
 .debug_abbrev  0x00000000000004e2      0x118 build/Timer.o
 .debug_abbrev  0x00000000000005fa       0x6d build/stdlib.o
 .debug_abbrev  0x0000000000000667      0x11f build/stdio.o
 .debug_abbrev  0x0000000000000786       0x2c build/armcpu.o
 .debug_abbrev  0x00000000000007b2       0x14 /usr/lib/gcc/arm-none-eabi/6.3.1/libgcc.a(_udivsi3.o)
 .debug_abbrev  0x00000000000007c6       0x14 /usr/lib/gcc/arm-none-eabi/6.3.1/libgcc.a(_dvmd_tls.o)

.debug_aranges  0x0000000000000000      0x178
 .debug_aranges
                0x0000000000000000       0x20 build/Entry.os
 .debug_aranges
                0x0000000000000020       0x20 build/Main.o
 .debug_aranges
                0x0000000000000040       0x20 build/Handler.o
 .debug_aranges
                0x0000000000000060       0x18 build/Regs.o
 .debug_aranges
                0x0000000000000078       0x20 build/Interrupt.o
 .debug_aranges
                0x0000000000000098       0x20 build/Uart.o
 .debug_aranges
                0x00000000000000b8       0x20 build/Timer.o
 .debug_aranges
                0x00000000000000d8       0x20 build/stdlib.o
 .debug_aranges
                0x00000000000000f8       0x20 build/stdio.o
 .debug_aranges
                0x0000000000000118       0x20 build/armcpu.o
 .debug_aranges
                0x0000000000000138       0x20 /usr/lib/gcc/arm-none-eabi/6.3.1/libgcc.a(_udivsi3.o)
 .debug_aranges
                0x0000000000000158       0x20 /usr/lib/gcc/arm-none-eabi/6.3.1/libgcc.a(_dvmd_tls.o)

.debug_str      0x0000000000000000      0x92a
 .debug_str     0x0000000000000000      0x10b build/Main.o
                                        0x129 (size before relaxing)
 .debug_str     0x000000000000010b       0x27 build/Handler.o
                                        0x101 (size before relaxing)
 .debug_str     0x0000000000000132      0x5b5 build/Regs.o
                                        0x69f (size before relaxing)
 .debug_str     0x00000000000006e7       0xbb build/Interrupt.o
                                        0x3ae (size before relaxing)
 .debug_str     0x00000000000007a2       0x4f build/Uart.o
                                        0x42d (size before relaxing)
 .debug_str     0x00000000000007f1       0x6a build/Timer.o
                                        0x243 (size before relaxing)
 .debug_str     0x000000000000085b       0x18 build/stdlib.o
                                         0xfb (size before relaxing)
 .debug_str     0x0000000000000873       0x7c build/stdio.o
                                        0x182 (size before relaxing)
 .debug_str     0x00000000000008ef       0x3b build/armcpu.o
                                         0xac (size before relaxing)

.debug_frame    0x0000000000000000      0x3f0
 .debug_frame   0x0000000000000000       0x84 build/Main.o
 .debug_frame   0x0000000000000084       0x50 build/Handler.o
 .debug_frame   0x00000000000000d4       0xb0 build/Interrupt.o
 .debug_frame   0x0000000000000184       0x70 build/Uart.o
 .debug_frame   0x00000000000001f4       0x70 build/Timer.o
 .debug_frame   0x0000000000000264       0x30 build/stdlib.o
 .debug_frame   0x0000000000000294       0xac build/stdio.o
 .debug_frame   0x0000000000000340       0x90 build/armcpu.o
 .debug_frame   0x00000000000003d0       0x20 /usr/lib/gcc/arm-none-eabi/6.3.1/libgcc.a(_udivsi3.o)
